\BOOKMARK [0][-]{section*.1}{\376\377\000T\000H\000E\000\040\000P\000R\000O\000B\000L\000E\000M\000\040\000A\000N\000D\000\040\000I\000T\000S\000\040\000B\000A\000C\000K\000G\000R\000O\000U\000N\000D}{}% 1
\BOOKMARK [1][-]{section*.2}{\376\377\000I\000n\000t\000r\000o\000d\000u\000c\000t\000i\000o\000n}{section*.1}% 2
\BOOKMARK [1][-]{section*.3}{\376\377\000S\000t\000a\000t\000e\000m\000e\000n\000t\000\040\000o\000f\000\040\000t\000h\000e\000\040\000P\000r\000o\000b\000l\000e\000m}{section*.1}% 3
\BOOKMARK [1][-]{section*.4}{\376\377\000S\000i\000g\000n\000i\000f\000i\000c\000a\000n\000c\000e\000\040\000o\000f\000\040\000t\000h\000e\000\040\000S\000t\000u\000d\000y}{section*.1}% 4
\BOOKMARK [1][-]{section*.5}{\376\377\000S\000c\000o\000p\000e\000\040\000a\000n\000d\000\040\000D\000e\000l\000i\000m\000i\000t\000a\000t\000i\000o\000n}{section*.1}% 5
\BOOKMARK [1][-]{section*.6}{\376\377\000D\000e\000f\000i\000n\000i\000t\000i\000o\000n\000\040\000o\000f\000\040\000T\000e\000r\000m\000s}{section*.1}% 6
\BOOKMARK [1][-]{section*.7}{\376\377\000A\000I\000-\000A\000s\000s\000i\000s\000t\000e\000d\000\040\000R\000e\000s\000e\000a\000r\000c\000h\000\040\000D\000i\000s\000c\000l\000o\000s\000u\000r\000e}{section*.1}% 7
\BOOKMARK [0][-]{section*.8}{\376\377\000R\000E\000V\000I\000E\000W\000\040\000O\000F\000\040\000R\000E\000L\000A\000T\000E\000D\000\040\000L\000I\000T\000E\000R\000A\000T\000U\000R\000E\000\040\000A\000N\000D\000\040\000S\000T\000U\000D\000I\000E\000S}{}% 8
\BOOKMARK [1][-]{section*.9}{\376\377\000R\000e\000l\000a\000t\000e\000d\000\040\000T\000h\000e\000o\000r\000i\000e\000s}{section*.8}% 9
\BOOKMARK [1][-]{section*.10}{\376\377\000R\000e\000l\000a\000t\000e\000d\000\040\000L\000i\000t\000e\000r\000a\000t\000u\000r\000e}{section*.8}% 10
\BOOKMARK [2][-]{subsection*.11}{\376\377\000R\000e\000c\000o\000m\000m\000e\000n\000d\000e\000r\000\040\000S\000y\000s\000t\000e\000m\000s\000\040\000a\000n\000d\000\040\000t\000h\000e\000\040\000R\000e\000s\000e\000a\000r\000c\000h\000-\000P\000a\000p\000e\000r\000\040\000D\000o\000m\000a\000i\000n}{section*.10}% 11
\BOOKMARK [2][-]{subsection*.12}{\376\377\000T\000h\000e\000\040\000V\000o\000c\000a\000b\000u\000l\000a\000r\000y\000-\000M\000i\000s\000m\000a\000t\000c\000h\000\040\000P\000r\000o\000b\000l\000e\000m}{section*.10}% 12
\BOOKMARK [2][-]{subsection*.13}{\376\377\000F\000u\000s\000i\000o\000n\000\040\000a\000n\000d\000\040\000N\000o\000r\000m\000a\000l\000i\000z\000a\000t\000i\000o\000n\000\040\000o\000f\000\040\000H\000e\000t\000e\000r\000o\000g\000e\000n\000e\000o\000u\000s\000\040\000S\000i\000g\000n\000a\000l\000s}{section*.10}% 13
\BOOKMARK [2][-]{subsection*.14}{\376\377\000O\000f\000f\000l\000i\000n\000e\000\040\000E\000v\000a\000l\000u\000a\000t\000i\000o\000n\000\040\000C\000o\000n\000v\000e\000n\000t\000i\000o\000n\000s}{section*.10}% 14
\BOOKMARK [1][-]{section*.15}{\376\377\000R\000e\000l\000a\000t\000e\000d\000\040\000S\000t\000u\000d\000i\000e\000s}{section*.8}% 15
\BOOKMARK [2][-]{subsection*.16}{\376\377\000L\000o\000c\000a\000l\000\040\000S\000t\000u\000d\000i\000e\000s}{section*.15}% 16
\BOOKMARK [2][-]{subsection*.17}{\376\377\000I\000n\000t\000e\000r\000n\000a\000t\000i\000o\000n\000a\000l\000\040\000S\000t\000u\000d\000i\000e\000s}{section*.15}% 17
\BOOKMARK [1][-]{section*.23}{\376\377\000S\000y\000n\000t\000h\000e\000s\000i\000s\000\040\000o\000f\000\040\000t\000h\000e\000\040\000R\000e\000v\000i\000e\000w\000\040\000o\000f\000\040\000L\000i\000t\000e\000r\000a\000t\000u\000r\000e\000\040\000a\000n\000d\000\040\000S\000t\000u\000d\000i\000e\000s}{section*.8}% 18
\BOOKMARK [2][-]{subsection*.24}{\376\377\000C\000o\000n\000v\000e\000r\000g\000e\000n\000c\000e\000s}{section*.23}% 19
\BOOKMARK [2][-]{subsection*.25}{\376\377\000C\000o\000n\000t\000r\000a\000d\000i\000c\000t\000i\000o\000n\000s\000\040\000a\000n\000d\000\040\000L\000i\000m\000i\000t\000a\000t\000i\000o\000n\000s}{section*.23}% 20
\BOOKMARK [2][-]{subsection*.26}{\376\377\000G\000a\000p\000\040\000A\000n\000a\000l\000y\000s\000i\000s}{section*.23}% 21
\BOOKMARK [1][-]{section*.27}{\376\377\000C\000o\000n\000c\000e\000p\000t\000u\000a\000l\000\040\000F\000r\000a\000m\000e\000w\000o\000r\000k}{section*.8}% 22
\BOOKMARK [1][-]{section*.28}{\376\377\000H\000y\000p\000o\000t\000h\000e\000s\000e\000s\000\040\000o\000f\000\040\000t\000h\000e\000\040\000S\000t\000u\000d\000y}{section*.8}% 23
\BOOKMARK [1][-]{section*.29}{\376\377\000A\000I\000-\000A\000s\000s\000i\000s\000t\000e\000d\000\040\000R\000e\000s\000e\000a\000r\000c\000h\000\040\000D\000i\000s\000c\000l\000o\000s\000u\000r\000e}{section*.8}% 24
\BOOKMARK [0][-]{section*.30}{\376\377\000R\000E\000S\000E\000A\000R\000C\000H\000\040\000M\000E\000T\000H\000O\000D\000O\000L\000O\000G\000Y}{}% 25
\BOOKMARK [1][-]{section*.31}{\376\377\000R\000e\000s\000e\000a\000r\000c\000h\000\040\000D\000e\000s\000i\000g\000n}{section*.30}% 26
\BOOKMARK [1][-]{section*.32}{\376\377\000R\000e\000s\000e\000a\000r\000c\000h\000\040\000L\000o\000c\000a\000l\000e}{section*.30}% 27
\BOOKMARK [1][-]{section*.33}{\376\377\000S\000y\000s\000t\000e\000m\000\040\000F\000r\000a\000m\000e\000w\000o\000r\000k\000\040\000a\000n\000d\000\040\000F\000e\000a\000t\000u\000r\000e\000s}{section*.30}% 28
\BOOKMARK [1][-]{section*.34}{\376\377\000P\000r\000o\000c\000e\000s\000s\000\040\000o\000f\000\040\000D\000e\000v\000e\000l\000o\000p\000i\000n\000g\000\040\000t\000h\000e\000\040\000S\000y\000s\000t\000e\000m}{section*.30}% 29
\BOOKMARK [2][-]{subsection*.35}{\376\377\000P\000l\000a\000n\000n\000i\000n\000g}{section*.34}% 30
\BOOKMARK [2][-]{subsection*.36}{\376\377\000A\000p\000p\000r\000o\000a\000c\000h\000\040\000i\000n\000\040\000D\000e\000v\000e\000l\000o\000p\000m\000e\000n\000t}{section*.34}% 31
\BOOKMARK [2][-]{subsection*.37}{\376\377\000R\000e\000q\000u\000i\000r\000e\000m\000e\000n\000t\000\040\000A\000n\000a\000l\000y\000s\000i\000s}{section*.34}% 32
\BOOKMARK [2][-]{subsection*.38}{\376\377\000D\000e\000s\000i\000g\000n}{section*.34}% 33
\BOOKMARK [2][-]{subsection*.39}{\376\377\000D\000e\000v\000e\000l\000o\000p\000m\000e\000n\000t}{section*.34}% 34
\BOOKMARK [2][-]{subsection*.40}{\376\377\000T\000e\000s\000t\000i\000n\000g}{section*.34}% 35
\BOOKMARK [1][-]{section*.41}{\376\377\000S\000y\000s\000t\000e\000m\000\040\000E\000v\000a\000l\000u\000a\000t\000i\000o\000n}{section*.30}% 36
\BOOKMARK [2][-]{subsection*.42}{\376\377\000E\000v\000a\000l\000u\000a\000t\000i\000o\000n\000\040\000I\000n\000s\000t\000r\000u\000m\000e\000n\000t\000\040\000\050\000A\000r\000e\000n\000a\000\040\000P\000r\000o\000t\000o\000c\000o\000l\000\051}{section*.41}% 37
\BOOKMARK [2][-]{subsection*.43}{\376\377\000R\000e\000s\000e\000a\000r\000c\000h\000\040\000I\000n\000s\000t\000r\000u\000m\000e\000n\000t}{section*.41}% 38
\BOOKMARK [2][-]{subsection*.44}{\376\377\000P\000o\000p\000u\000l\000a\000t\000i\000o\000n\000\040\000a\000n\000d\000\040\000S\000a\000m\000p\000l\000e}{section*.41}% 39
\BOOKMARK [2][-]{subsection*.45}{\376\377\000D\000a\000t\000a\000\040\000C\000o\000l\000l\000e\000c\000t\000i\000o\000n}{section*.41}% 40
\BOOKMARK [2][-]{subsection*.46}{\376\377\000D\000a\000t\000a\000\040\000P\000r\000o\000c\000e\000s\000s\000i\000n\000g\000\040\000a\000n\000d\000\040\000A\000n\000a\000l\000y\000s\000i\000s}{section*.41}% 41
\BOOKMARK [1][-]{section*.47}{\376\377\000E\000t\000h\000i\000c\000a\000l\000\040\000C\000o\000n\000s\000i\000d\000e\000r\000a\000t\000i\000o\000n\000s}{section*.30}% 42
\BOOKMARK [1][-]{section*.48}{\376\377\000L\000i\000m\000i\000t\000a\000t\000i\000o\000n\000s\000\040\000o\000f\000\040\000t\000h\000e\000\040\000M\000e\000t\000h\000o\000d}{section*.30}% 43
\BOOKMARK [1][-]{section*.49}{\376\377\000A\000I\000-\000A\000s\000s\000i\000s\000t\000e\000d\000\040\000R\000e\000s\000e\000a\000r\000c\000h\000\040\000D\000i\000s\000c\000l\000o\000s\000u\000r\000e}{section*.30}% 44
\BOOKMARK [0][-]{section*.50}{\376\377\000R\000e\000f\000e\000r\000e\000n\000c\000e\000s}{}% 45
\BOOKMARK [1][-]{section*.58}{\376\377\000N\000o\000t\000a\000t\000i\000o\000n}{section*.50}% 46
\BOOKMARK [1][-]{section*.59}{\376\377\000B\000.\0001\000\040\000T\000e\000x\000t\000\040\000P\000r\000e\000p\000a\000r\000a\000t\000i\000o\000n}{section*.50}% 47
\BOOKMARK [1][-]{section*.60}{\376\377\000B\000.\0002\000\040\000T\000F\000-\000I\000D\000F\000\040\000C\000o\000m\000p\000o\000n\000e\000n\000t\000\040\040\024\000\040\000L\000e\000x\000i\000c\000a\000l\000\040\000S\000i\000m\000i\000l\000a\000r\000i\000t\000y}{section*.50}% 48
\BOOKMARK [1][-]{section*.61}{\376\377\000B\000.\0003\000\040\000S\000-\000B\000E\000R\000T\000\040\000C\000o\000m\000p\000o\000n\000e\000n\000t\000\040\040\024\000\040\000S\000e\000m\000a\000n\000t\000i\000c\000\040\000S\000i\000m\000i\000l\000a\000r\000i\000t\000y}{section*.50}% 49
\BOOKMARK [1][-]{section*.62}{\376\377\000B\000.\0004\000\040\000M\000e\000t\000a\000d\000a\000t\000a\000\040\000C\000o\000m\000p\000o\000n\000e\000n\000t\000\040\040\024\000\040\000F\000i\000e\000l\000d\000-\000L\000e\000v\000e\000l\000\040\000S\000i\000m\000i\000l\000a\000r\000i\000t\000y}{section*.50}% 50
\BOOKMARK [1][-]{section*.63}{\376\377\000B\000.\0005\000\040\000S\000c\000o\000r\000e\000\040\000N\000o\000r\000m\000a\000l\000i\000z\000a\000t\000i\000o\000n}{section*.50}% 51
\BOOKMARK [1][-]{section*.64}{\376\377\000B\000.\0006\000\040\000T\000h\000e\000\040\000S\000i\000x\000\040\000P\000i\000p\000e\000l\000i\000n\000e\000\040\000C\000o\000n\000f\000i\000g\000u\000r\000a\000t\000i\000o\000n\000s}{section*.50}% 52
\BOOKMARK [1][-]{section*.65}{\376\377\000B\000.\0007\000\040\000R\000a\000n\000k\000i\000n\000g\000\040\000a\000n\000d\000\040\000O\000u\000t\000p\000u\000t}{section*.50}% 53
\BOOKMARK [1][-]{section*.66}{\376\377\000B\000.\0008\000\040\000T\000h\000e\000\040\000S\000i\000m\000i\000l\000a\000r\000-\000P\000a\000p\000e\000r\000s\000\040\000G\000r\000a\000p\000h}{section*.50}% 54
\BOOKMARK [1][-]{section*.67}{\376\377\000B\000.\0009\000\040\000B\000M\0002\0005\000\040\000R\000a\000n\000k\000e\000d\000\040\000R\000e\000p\000o\000s\000i\000t\000o\000r\000y\000\040\000S\000e\000a\000r\000c\000h}{section*.50}% 55
\BOOKMARK [1][-]{section*.68}{\376\377\000B\000.\0001\0000\000\040\000P\000r\000e\000c\000o\000m\000p\000u\000t\000e\000d\000\040\000V\000e\000c\000t\000o\000r\000\040\000M\000a\000t\000r\000i\000c\000e\000s}{section*.50}% 56
\BOOKMARK [1][-]{section*.69}{\376\377\000B\000.\0001\0001\000\040\000M\000M\000R\000\040\000D\000i\000v\000e\000r\000s\000i\000f\000i\000c\000a\000t\000i\000o\000n}{section*.50}% 57
\BOOKMARK [1][-]{section*.70}{\376\377\000B\000.\0001\0002\000\040\000L\000e\000a\000r\000n\000e\000d\000\040\000F\000u\000s\000i\000o\000n\000\040\000W\000e\000i\000g\000h\000t\000s\000\040\000\050\000O\000f\000f\000l\000i\000n\000e\000\040\000I\000n\000s\000t\000r\000u\000m\000e\000n\000t\000\051}{section*.50}% 58
\BOOKMARK [1][-]{section*.71}{\376\377\000B\000.\0001\0003\000\040\000C\000i\000t\000a\000t\000i\000o\000n\000-\000B\000a\000s\000e\000d\000\040\000R\000e\000l\000a\000t\000e\000d\000n\000e\000s\000s}{section*.50}% 59
\BOOKMARK [1][-]{section*.72}{\376\377\000B\000.\0001\0004\000\040\000O\000f\000f\000l\000i\000n\000e\000\040\000R\000e\000t\000r\000i\000e\000v\000a\000l\000\040\000M\000e\000t\000r\000i\000c\000s}{section*.50}% 60
\BOOKMARK [1][-]{section*.73}{\376\377\000B\000.\0001\0005\000\040\000T\000h\000e\000\040\000E\000x\000e\000c\000u\000t\000i\000o\000n\000\040\000T\000r\000a\000c\000e\000\040\000\050\000S\000t\000a\000t\000s\000\040\000f\000o\000r\000\040\000N\000e\000r\000d\000s\000\051}{section*.50}% 61
